// Jest Snapshot v1, https://goo.gl/fbAQLP

exports[`matches snapshot 1`] = `
<form>
  <div
    class="MuiGrid-root MuiGrid-container MuiGrid-spacing-xs-2 MuiGrid-justify-xs-center"
  >
    <div
      class="MuiGrid-root MuiGrid-item MuiGrid-grid-xs-6"
    >
      <div
        aria-expanded="false"
        class="MuiAutocomplete-root MuiAutocomplete-hasClearIcon MuiAutocomplete-hasPopupIcon"
        name="symbol"
        role="combobox"
      >
        <div
          class="MuiFormControl-root MuiTextField-root MuiFormControl-fullWidth"
        >
          <label
            class="MuiFormLabel-root MuiInputLabel-root MuiInputLabel-formControl MuiInputLabel-animated Mui-required Mui-required"
            data-shrink="false"
            for="symbol-input"
            id="symbol-input-label"
          >
            Symbol
            <span
              aria-hidden="true"
              class="MuiFormLabel-asterisk MuiInputLabel-asterisk"
            >
               *
            </span>
          </label>
          <div
            class="MuiInputBase-root MuiInput-root MuiInput-underline MuiAutocomplete-inputRoot MuiInputBase-fullWidth MuiInput-fullWidth MuiInputBase-formControl MuiInput-formControl MuiInputBase-adornedEnd"
          >
            <input
              aria-autocomplete="list"
              aria-invalid="false"
              autocapitalize="none"
              autocomplete="off"
              class="MuiInputBase-input MuiInput-input MuiAutocomplete-input MuiAutocomplete-inputFocused MuiInputBase-inputAdornedEnd"
              id="symbol-input"
              required=""
              spellcheck="false"
              type="text"
              value=""
            />
            <div
              class="MuiAutocomplete-endAdornment"
            >
              <button
                aria-label="Clear"
                class="MuiButtonBase-root MuiIconButton-root MuiAutocomplete-clearIndicator MuiAutocomplete-clearIndicatorDirty"
                tabindex="-1"
                title="Clear"
                type="button"
              >
                <span
                  class="MuiIconButton-label"
                >
                  <svg
                    aria-hidden="true"
                    class="MuiSvgIcon-root MuiSvgIcon-fontSizeSmall"
                    focusable="false"
                    viewBox="0 0 24 24"
                  >
                    <path
                      d="M19 6.41L17.59 5 12 10.59 6.41 5 5 6.41 10.59 12 5 17.59 6.41 19 12 13.41 17.59 19 19 17.59 13.41 12z"
                    />
                  </svg>
                </span>
                <span
                  class="MuiTouchRipple-root"
                />
              </button>
              <button
                aria-label="Open"
                class="MuiButtonBase-root MuiIconButton-root MuiAutocomplete-popupIndicator"
                tabindex="-1"
                title="Open"
                type="button"
              >
                <span
                  class="MuiIconButton-label"
                >
                  <svg
                    aria-hidden="true"
                    class="MuiSvgIcon-root"
                    focusable="false"
                    viewBox="0 0 24 24"
                  >
                    <path
                      d="M7 10l5 5 5-5z"
                    />
                  </svg>
                </span>
                <span
                  class="MuiTouchRipple-root"
                />
              </button>
            </div>
          </div>
        </div>
      </div>
    </div>
    <div
      class="MuiGrid-root MuiGrid-item MuiGrid-grid-xs-6"
    >
      <div
        class="MuiFormControl-root MuiTextField-root"
      >
        <label
          class="MuiFormLabel-root MuiInputLabel-root MuiInputLabel-formControl MuiInputLabel-animated MuiInputLabel-shrink Mui-required Mui-required"
          data-shrink="true"
          for="initial-input"
          id="initial-input-label"
        >
          Initial Investment
          <span
            aria-hidden="true"
            class="MuiFormLabel-asterisk MuiInputLabel-asterisk"
          >
             *
          </span>
        </label>
        <div
          class="MuiInputBase-root MuiInput-root MuiInput-underline MuiInputBase-formControl MuiInput-formControl MuiInputBase-adornedStart"
        >
          <div
            class="MuiInputAdornment-root MuiInputAdornment-positionStart"
          >
            <p
              class="MuiTypography-root MuiTypography-body1 MuiTypography-colorTextSecondary"
            >
              $
            </p>
          </div>
          <input
            aria-invalid="false"
            class="MuiInputBase-input MuiInput-input MuiInputBase-inputAdornedStart"
            id="initial-input"
            min="0"
            name="initial_value"
            required=""
            type="number"
            value=""
          />
        </div>
      </div>
    </div>
    <div
      class="MuiGrid-root MuiGrid-item MuiGrid-grid-xs-6"
    >
      <div
        class="MuiFormControl-root MuiTextField-root"
      >
        <label
          class="MuiFormLabel-root MuiInputLabel-root MuiInputLabel-formControl MuiInputLabel-animated MuiInputLabel-shrink Mui-required Mui-required"
          data-shrink="true"
          for="start-date"
          id="start-date-label"
        >
          Start Date
          <span
            aria-hidden="true"
            class="MuiFormLabel-asterisk MuiInputLabel-asterisk"
          >
             *
          </span>
        </label>
        <div
          class="MuiInputBase-root MuiInput-root MuiInput-underline MuiInputBase-formControl MuiInput-formControl"
        >
          <input
            aria-invalid="false"
            class="MuiInputBase-input MuiInput-input"
            id="start-date"
            max="2020-07-28"
            min="2015-07-28"
            name="start_date"
            required=""
            type="date"
            value=""
          />
        </div>
      </div>
    </div>
    <div
      class="MuiGrid-root MuiGrid-item MuiGrid-grid-xs-6"
    >
      <div
        class="MuiFormControl-root MuiTextField-root"
      >
        <label
          class="MuiFormLabel-root MuiInputLabel-root MuiInputLabel-formControl MuiInputLabel-animated MuiInputLabel-shrink Mui-required Mui-required"
          data-shrink="true"
          for="end-date"
          id="end-date-label"
        >
          End Date
          <span
            aria-hidden="true"
            class="MuiFormLabel-asterisk MuiInputLabel-asterisk"
          >
             *
          </span>
        </label>
        <div
          class="MuiInputBase-root MuiInput-root MuiInput-underline MuiInputBase-formControl MuiInput-formControl"
        >
          <input
            aria-invalid="false"
            class="MuiInputBase-input MuiInput-input"
            id="end-date"
            max="2020-07-28"
            min="Invalid date"
            name="end_date"
            required=""
            type="date"
            value=""
          />
        </div>
      </div>
    </div>
    <div
      class="MuiGrid-root MuiGrid-item"
    >
      <button
        class="MuiButtonBase-root MuiButton-root MuiButton-contained"
        data-testid="add-investment-btn"
        tabindex="0"
        type="submit"
      >
        <span
          class="MuiButton-label"
        >
          Add
        </span>
        <span
          class="MuiTouchRipple-root"
        />
      </button>
    </div>
  </div>
</form>
`;
